Test Summary:    | Pass  Total   Time
2D Heat Equation |    4      4  35.7s
Test Summary:    | Pass  Total   Time
2D Wave Equation |    1      1  20.4s
Test Summary:     | Pass  Total  Time
Burgers' Equation |    1      1  5.6s
Test Summary:                | Pass  Total  Time
AdvectionÔÇæDiffusionÔÇæReaction |    1      1  5.4s
Test Summary:                 | Pass  Total   Time
GrayÔÇæScott ReactionÔÇæDiffusion |    1      1  10.9s
